<?xml version="1.0" encoding="UTF-8"?>
<testsuites>
  <testsuite name="/app/phpunit-ci.xml" tests="20" assertions="51" errors="0" failures="0" skipped="0" time="0.971828">
    <testsuite name="Unit" tests="4" assertions="24" errors="0" failures="0" skipped="0" time="0.230770">
      <testsuite name="Tests\Unit\Playground\Make\Test\Configuration\Test\InstanceTest" file="/app/tests/Unit/Configuration/Test/InstanceTest.php" tests="4" assertions="24" errors="0" failures="0" skipped="0" time="0.230770">
        <testcase name="test_instance" file="/app/tests/Unit/Configuration/Test/InstanceTest.php" line="21" class="Tests\Unit\Playground\Make\Test\Configuration\Test\InstanceTest" classname="Tests.Unit.Playground.Make.Test.Configuration.Test.InstanceTest" assertions="1" time="0.144039"/>
        <testcase name="test_instance_apply_without_options" file="/app/tests/Unit/Configuration/Test/InstanceTest.php" line="75" class="Tests\Unit\Playground\Make\Test\Configuration\Test\InstanceTest" classname="Tests.Unit.Playground.Make.Test.Configuration.Test.InstanceTest" assertions="4" time="0.027419"/>
        <testcase name="test_folder_is_empty_by_default" file="/app/tests/Unit/Configuration/Test/InstanceTest.php" line="92" class="Tests\Unit\Playground\Make\Test\Configuration\Test\InstanceTest" classname="Tests.Unit.Playground.Make.Test.Configuration.Test.InstanceTest" assertions="2" time="0.026258"/>
        <testcase name="test_test_with_file_and_skeleton" file="/app/tests/Unit/Configuration/Test/InstanceTest.php" line="100" class="Tests\Unit\Playground\Make\Test\Configuration\Test\InstanceTest" classname="Tests.Unit.Playground.Make.Test.Configuration.Test.InstanceTest" assertions="17" time="0.033055"/>
      </testsuite>
    </testsuite>
    <testsuite name="Feature" tests="16" assertions="27" errors="0" failures="0" skipped="0" time="0.741058">
      <testsuite name="Tests\Feature\Playground\Make\Test\Console\Commands\About\CommandTest" file="/app/tests/Feature/Console/Commands/About/CommandTest.php" tests="1" assertions="2" errors="0" failures="0" skipped="0" time="0.164106">
        <testcase name="test_command_about_displays_package_information_and_succeed_with_code_0" file="/app/tests/Feature/Console/Commands/About/CommandTest.php" line="31" class="Tests\Feature\Playground\Make\Test\Console\Commands\About\CommandTest" classname="Tests.Feature.Playground.Make.Test.Console.Commands.About.CommandTest" assertions="2" time="0.164106"/>
      </testsuite>
      <testsuite name="Tests\Feature\Playground\Make\Test\Console\Commands\TestMakeCommand\ApiTest" file="/app/tests/Feature/Console/Commands/TestMakeCommand/ApiTest.php" tests="5" assertions="10" errors="0" failures="0" skipped="0" time="0.201158">
        <testcase name="test_command_make_playground_api_tests_without_model_file_and_fail" file="/app/tests/Feature/Console/Commands/TestMakeCommand/ApiTest.php" line="23" class="Tests\Feature\Playground\Make\Test\Console\Commands\TestMakeCommand\ApiTest" classname="Tests.Feature.Playground.Make.Test.Console.Commands.TestMakeCommand.ApiTest" assertions="2" time="0.033437"/>
        <testcase name="test_command_make_playground_api_tests_with_force_without_skeleton" file="/app/tests/Feature/Console/Commands/TestMakeCommand/ApiTest.php" line="42" class="Tests\Feature\Playground\Make\Test\Console\Commands\TestMakeCommand\ApiTest" classname="Tests.Feature.Playground.Make.Test.Console.Commands.TestMakeCommand.ApiTest" assertions="2" time="0.046092"/>
        <testcase name="test_command_make_playground_api_tests_without_force_with_file_without_skeleton" file="/app/tests/Feature/Console/Commands/TestMakeCommand/ApiTest.php" line="61" class="Tests\Feature\Playground\Make\Test\Console\Commands\TestMakeCommand\ApiTest" classname="Tests.Feature.Playground.Make.Test.Console.Commands.TestMakeCommand.ApiTest" assertions="2" time="0.039061"/>
        <testcase name="test_command_make_playground_api_tests_with_force_with_file_with_skeleton" file="/app/tests/Feature/Console/Commands/TestMakeCommand/ApiTest.php" line="80" class="Tests\Feature\Playground\Make\Test\Console\Commands\TestMakeCommand\ApiTest" classname="Tests.Feature.Playground.Make.Test.Console.Commands.TestMakeCommand.ApiTest" assertions="2" time="0.040788"/>
        <testcase name="test_command_make_playground_api_tests_with_force_with_model_in_file_with_skeleton" file="/app/tests/Feature/Console/Commands/TestMakeCommand/ApiTest.php" line="99" class="Tests\Feature\Playground\Make\Test\Console\Commands\TestMakeCommand\ApiTest" classname="Tests.Feature.Playground.Make.Test.Console.Commands.TestMakeCommand.ApiTest" assertions="2" time="0.041780"/>
      </testsuite>
      <testsuite name="Tests\Feature\Playground\Make\Test\Console\Commands\TestMakeCommand\CommandTest" file="/app/tests/Feature/Console/Commands/TestMakeCommand/CommandTest.php" tests="2" assertions="3" errors="0" failures="0" skipped="0" time="0.065006">
        <testcase name="test_command_without_options_or_arguments" file="/app/tests/Feature/Console/Commands/TestMakeCommand/CommandTest.php" line="22" class="Tests\Feature\Playground\Make\Test\Console\Commands\TestMakeCommand\CommandTest" classname="Tests.Feature.Playground.Make.Test.Console.Commands.TestMakeCommand.CommandTest" assertions="2" time="0.031568"/>
        <testcase name="test_command_skeleton" file="/app/tests/Feature/Console/Commands/TestMakeCommand/CommandTest.php" line="32" class="Tests\Feature\Playground\Make\Test\Console\Commands\TestMakeCommand\CommandTest" classname="Tests.Feature.Playground.Make.Test.Console.Commands.TestMakeCommand.CommandTest" assertions="1" time="0.033439"/>
      </testsuite>
      <testsuite name="Tests\Feature\Playground\Make\Test\Console\Commands\TestMakeCommand\ModelTest" file="/app/tests/Feature/Console/Commands/TestMakeCommand/ModelTest.php" tests="4" assertions="4" errors="0" failures="0" skipped="0" time="0.151276">
        <testcase name="test_command_make_test_with_force_and_without_skeleton" file="/app/tests/Feature/Console/Commands/TestMakeCommand/ModelTest.php" line="22" class="Tests\Feature\Playground\Make\Test\Console\Commands\TestMakeCommand\ModelTest" classname="Tests.Feature.Playground.Make.Test.Console.Commands.TestMakeCommand.ModelTest" assertions="1" time="0.037622"/>
        <testcase name="test_command_make_test_with_force_and_with_skeleton" file="/app/tests/Feature/Console/Commands/TestMakeCommand/ModelTest.php" line="36" class="Tests\Feature\Playground\Make\Test\Console\Commands\TestMakeCommand\ModelTest" classname="Tests.Feature.Playground.Make.Test.Console.Commands.TestMakeCommand.ModelTest" assertions="1" time="0.037726"/>
        <testcase name="test_command_make_playground_model_api_with_force" file="/app/tests/Feature/Console/Commands/TestMakeCommand/ModelTest.php" line="50" class="Tests\Feature\Playground\Make\Test\Console\Commands\TestMakeCommand\ModelTest" classname="Tests.Feature.Playground.Make.Test.Console.Commands.TestMakeCommand.ModelTest" assertions="1" time="0.038559"/>
        <testcase name="test_command_make_playground_model_resource_with_force" file="/app/tests/Feature/Console/Commands/TestMakeCommand/ModelTest.php" line="64" class="Tests\Feature\Playground\Make\Test\Console\Commands\TestMakeCommand\ModelTest" classname="Tests.Feature.Playground.Make.Test.Console.Commands.TestMakeCommand.ModelTest" assertions="1" time="0.037369"/>
      </testsuite>
      <testsuite name="Tests\Feature\Playground\Make\Test\Console\Commands\TestMakeCommand\ResourceTest" file="/app/tests/Feature/Console/Commands/TestMakeCommand/ResourceTest.php" tests="4" assertions="8" errors="0" failures="0" skipped="0" time="0.159511">
        <testcase name="test_command_make_playground_resource_tests_without_model_file_and_fail" file="/app/tests/Feature/Console/Commands/TestMakeCommand/ResourceTest.php" line="23" class="Tests\Feature\Playground\Make\Test\Console\Commands\TestMakeCommand\ResourceTest" classname="Tests.Feature.Playground.Make.Test.Console.Commands.TestMakeCommand.ResourceTest" assertions="2" time="0.030890"/>
        <testcase name="test_command_make_playground_resource_tests_with_force_without_skeleton" file="/app/tests/Feature/Console/Commands/TestMakeCommand/ResourceTest.php" line="42" class="Tests\Feature\Playground\Make\Test\Console\Commands\TestMakeCommand\ResourceTest" classname="Tests.Feature.Playground.Make.Test.Console.Commands.TestMakeCommand.ResourceTest" assertions="2" time="0.042756"/>
        <testcase name="test_command_make_playground_resource_tests_without_force_with_file_without_skeleton" file="/app/tests/Feature/Console/Commands/TestMakeCommand/ResourceTest.php" line="61" class="Tests\Feature\Playground\Make\Test\Console\Commands\TestMakeCommand\ResourceTest" classname="Tests.Feature.Playground.Make.Test.Console.Commands.TestMakeCommand.ResourceTest" assertions="2" time="0.039210"/>
        <testcase name="test_command_make_playground_resource_tests_with_force_with_file_with_skeleton" file="/app/tests/Feature/Console/Commands/TestMakeCommand/ResourceTest.php" line="80" class="Tests\Feature\Playground\Make\Test\Console\Commands\TestMakeCommand\ResourceTest" classname="Tests.Feature.Playground.Make.Test.Console.Commands.TestMakeCommand.ResourceTest" assertions="2" time="0.046655"/>
      </testsuite>
    </testsuite>
  </testsuite>
</testsuites>
